// Jest Snapshot v1, https://goo.gl/fbAQLP

exports[`renders correctly 1`] = `
<ink-text
  internal_transform={[Function]}
  style={
    Object {
      "flexDirection": "row",
      "flexGrow": 0,
      "flexShrink": 1,
      "textWrap": "wrap",
    }
  }
>
  <ink-text
    internal_transform={[Function]}
    style={
      Object {
        "flexDirection": "row",
        "flexGrow": 0,
        "flexShrink": 1,
        "textWrap": "wrap",
      }
    }
  >
      
      
      
  </ink-text>
  TEST
  :
   
  test_string, 
  another_test_string
</ink-text>
`;
